
> atelie-facil@0.1.0 build
> next build

Ôû▓ Next.js 16.1.6 (Turbopack)
- Environments: .env.local, .env
- Experiments (use with caution):
  ┬À optimizePackageImports

node.exe : ÔÜá The "middleware" file convention is deprecated. Please use "proxy" instead. 
Learn more: https://nextjs.org/docs/messages/middleware-to-proxy
No linha:1 caractere:1
+ & "C:\Program Files\nodejs/node.exe" "C:\Users\thiag\AppData\Roaming\ ...
+ ~~~~~~~~~~~~~~~~~~~~~~~~~~~~~~~~~~~~~~~~~~~~~~~~~~~~~~~~~~~~~~~~~~~~~
    + CategoryInfo          : NotSpecified: (ÔÜá The "middle...leware-to-proxy:String) [], R 
   emoteException
    + FullyQualifiedErrorId : NativeCommandError
 
  Creating an optimized production build ...
Ô£ô Compiled successfully in 3.5s
  Running TypeScript ...
  Collecting page data using 15 workers ...
  Generating static pages using 15 workers (0/20) ...
  Generating static pages using 15 workers (5/20) 
Failed to fetch data: Error: Dynamic server usage: Route /dashboard/estoque couldn't be 
rendered statically because it used `cookies`. See more info here: 
https://nextjs.org/docs/messages/dynamic-server-error
    at w (C:\Users\thiag\.gemini\antigravity\scratch\atelie-facil\.next\server\chunks\ssr\_38
36f2f1._.js:1:7030)
    at n (C:\Users\thiag\.gemini\antigravity\scratch\atelie-facil\.next\server\chunks\ssr\_38
36f2f1._.js:4:18318)
    at ct (C:\Users\thiag\.gemini\antigravity\scratch\atelie-facil\.next\server\chunks\ssr\_3
836f2f1._.js:58:71)
    at c (C:\Users\thiag\.gemini\antigravity\scratch\atelie-facil\.next\server\chunks\ssr\[ro
ot-of-the-server]__0679645f._.js:1:105)
    at l (C:\Users\thiag\.gemini\antigravity\scratch\atelie-facil\.next\server\chunks\ssr\_f4
fee4a4._.js:1:7958)
    at u (C:\Users\thiag\.gemini\antigravity\scratch\atelie-facil\.next\server\chunks\ssr\[ro
ot-of-the-server]__d4a543dc._.js:1:19651) {
  description: "Route /dashboard/estoque couldn't be rendered statically because it used 
`cookies`. See more info here: https://nextjs.org/docs/messages/dynamic-server-error",
  digest: 'DYNAMIC_SERVER_USAGE'
}
  Generating static pages using 15 workers (10/20) 
  Generating static pages using 15 workers (15/20) 
Ô£ô Generating static pages using 15 workers (20/20) in 233.9ms
  Finalizing page optimization ...

Route (app)
Ôöî ãÆ /
Ôö£ ãÆ /_not-found
Ôö£ ãÆ /about
Ôö£ ãÆ /api/orders/[id]
Ôö£ ãÆ /dashboard
Ôö£ ãÆ /dashboard/analytics
Ôö£ ãÆ /dashboard/auditoria
Ôö£ ãÆ /dashboard/clientes
Ôö£ ãÆ /dashboard/configuracoes
Ôö£ ãÆ /dashboard/estoque
Ôö£ ãÆ /dashboard/fornecedores
Ôö£ ãÆ /dashboard/notificacoes
Ôö£ ãÆ /dashboard/pedidos
Ôö£ ãÆ /dashboard/perfil
Ôö£ ãÆ /dashboard/produtos
Ôö£ ãÆ /dashboard/relatorios
Ôö£ ãÆ /login
Ôö£ ãÆ /offline
Ôö£ ãÆ /pedidos/[id]/pdf
Ôöö ãÆ /register


ãÆ Proxy (Middleware)

ãÆ  (Dynamic)  server-rendered on demand

